#
# There is insufficient memory for the Java Runtime Environment to continue.
# Native memory allocation (mmap) failed to map 266338304 bytes. Error detail: G1 virtual space
# Possible reasons:
#   The system is out of physical RAM or swap space
#   This process is running with CompressedOops enabled, and the Java Heap may be blocking the growth of the native heap
# Possible solutions:
#   Reduce memory load on the system
#   Increase physical memory or swap space
#   Check if swap backing store is full
#   Decrease Java heap size (-Xmx/-Xms)
#   Decrease number of Java threads
#   Decrease Java thread stack sizes (-Xss)
#   Set larger code cache with -XX:ReservedCodeCacheSize=
#   JVM is running with Zero Based Compressed Oops mode in which the Java heap is
#     placed in the first 32GB address space. The Java Heap base address is the
#     maximum limit for the native heap growth. Please use -XX:HeapBaseMinAddress
#     to set the Java Heap base and to place the Java Heap above 32GB virtual address.
# This output file may be truncated or incomplete.
#
#  Out of Memory Error (os_windows.cpp:3766), pid=2292, tid=22580
#
# JRE version:  (25.0.2+1) (build )
# Java VM: OpenJDK 64-Bit Server VM (25.0.2+1-b329.117, mixed mode, sharing, tiered, compressed oops, compressed class ptrs, g1 gc, windows-amd64)
# No core dump will be written. Minidumps are not enabled by default on client versions of Windows
#

---------------  S U M M A R Y ------------

Command Line: git4idea.http.GitAskPassApp Username for 'https://github.com': 

Host: 11th Gen Intel(R) Core(TM) i5-11400F @ 2.60GHz, 12 cores, 15G,  Windows 10 , 64 bit Build 19041 (10.0.19041.3393)
Time: Wed May  6 17:18:04 2026 elapsed time: 0.040000 seconds (0d 0h 0m 0s)

---------------  T H R E A D  ---------------

Current thread (0x0000017d6c2a16f0):  JavaThread "Unknown thread" [_thread_in_vm, id=22580, stack(0x0000003e51200000,0x0000003e51300000) (1024K)]

Stack: [0x0000003e51200000,0x0000003e51300000]
Native frames: (J=compiled Java code, j=interpreted, Vv=VM code, C=native code)
V  [jvm.dll+0x7c0cc9]  (no source info available)
V  [jvm.dll+0x78a49d]  (no source info available)
V  [jvm.dll+0xa0e693]  (no source info available)
V  [jvm.dll+0xa10e8c]  (no source info available)
V  [jvm.dll+0xa11583]  (no source info available)
V  [jvm.dll+0x307b46]  (no source info available)
V  [jvm.dll+0x7bced5]  (no source info available)
V  [jvm.dll+0x7afe97]  (no source info available)
V  [jvm.dll+0x40159e]  (no source info available)
V  [jvm.dll+0x4093bb]  (no source info available)
V  [jvm.dll+0x3f5bf9]  (no source info available)
V  [jvm.dll+0x3f5eab]  (no source info available)
V  [jvm.dll+0x3cc053]  (no source info available)
V  [jvm.dll+0x3cccbe]  (no source info available)
V  [jvm.dll+0x9d4a07]  (no source info available)
V  [jvm.dll+0x466ce2]  (no source info available)
V  [jvm.dll+0x9b8139]  (no source info available)
V  [jvm.dll+0x508a01]  (no source info available)
V  [jvm.dll+0x50a371]  (no source info available)
C  [jli.dll+0x541a]  (no source info available)
C  [ucrtbase.dll+0x21bb2]  (no source info available)
C  [KERNEL32.DLL+0x17344]  (no source info available)
C  [ntdll.dll+0x526b1]  (no source info available)

Lock stack of current Java thread (top to bottom):


---------------  P R O C E S S  ---------------

Threads class SMR info:
_java_thread_list=0x00007ffc0a9d9108, length=0, elements={
}

Java Threads: ( => current thread )
Total: 0

Other Threads:
  0x0000017d6e5e7a40 WorkerThread "GC Thread#0"                     [id=2500, stack(0x0000003e51300000,0x0000003e51400000) (1024K)]
  0x0000017d6e600990 ConcurrentGCThread "G1 Main Marker"            [id=23992, stack(0x0000003e51400000,0x0000003e51500000) (1024K)]
  0x0000017d6e603ce0 WorkerThread "G1 Conc#0"                       [id=25192, stack(0x0000003e51500000,0x0000003e51600000) (1024K)]

[error occurred during error reporting (printing all threads), id 0xc0000005, EXCEPTION_ACCESS_VIOLATION (0xc0000005) at pc=0x00007ffc09ff0caa]
VM state: not at safepoint (not fully initialized)

VM Mutex/Monitor currently owned by a thread:  ([mutex/lock_event])
[0x00007ffc0aa61d10] Heap_lock - owner thread: 0x0000017d6c2a16f0

Heap address: 0x0000000702000000, size: 4064 MB, Compressed Oops mode: Zero based, Oop shift amount: 3

CDS archive(s) mapped at: [0x0000000000000000-0x0000000000000000-0x0000000000000000), size 0, SharedBaseAddress: 0x0000000800000000, ArchiveRelocationMode: 1.
UseCompressedClassPointers 1, UseCompactObjectHeaders 0
Narrow klass pointer bits 32, Max shift 3
Narrow klass base: 0xffffffffffffffff, Narrow klass shift: -1
Encoding Range: [0xffffffffffffffff - 0x000000007fffffff), (2147483648 bytes)
Klass Range:    [0x0000000000000000 - 0x0000000000000000), (0 bytes)
Klass ID Range:  [4294967295 - 0) (1)
No protection zone.

GC Precious Log:
 CardTable entry size: 512
 Card Set container configuration: InlinePtr #cards 4 size 8 Array Of Cards #cards 16 size 48 Howl #buckets 8 coarsen threshold 3686 Howl Bitmap #cards 512 size 80 coarsen threshold 460 Card regions per heap region 1 cards per card region 4096

Heap:
 garbage-first heap   total reserved 4161536K, committed 0K, used 0K [0x0000000702000000, 0x0000000800000000)
  region size 2048K, 0 young (0K), 0 survivors (0K)

Heap Regions: E=young(eden), S=young(survivor), O=old, HS=humongous(starts), HC=humongous(continues), CS=collection set, F=free, TAMS=top-at-mark-start, PB=parsable bottom

Card table byte_map: [0x0000017d736d0000,0x0000017d73ec0000] _byte_map_base: 0x0000017d6fec0000

Marking Bits: (CMBitMap*) 0x0000017d6e5e81d0
 Bits: [0x0000017d73ec0000, 0x0000017d77e40000)

GC Heap Usage History (0 events):
No events

Metaspace Usage History (0 events):
No events

Dll operation events (1 events):
Event: 0.017 Loaded shared library C:\Program Files\JetBrains\IntelliJ IDEA 2026.1.1\jbr\bin\java.dll

Deoptimization events (0 events):
No events

Classes loaded (0 events):
No events

Classes unloaded (0 events):
No events

Classes redefined (0 events):
No events

Internal exceptions (0 events):
No events

VM Operations (0 events):
No events

Memory protections (0 events):
No events

Nmethod flushes (0 events):
No events

Events (0 events):
No events


Dynamic libraries:
0x00007ff637c90000 - 0x00007ff637c9a000 	C:\Program Files\JetBrains\IntelliJ IDEA 2026.1.1\jbr\bin\java.exe
0x00007ffcd6dd0000 - 0x00007ffcd6fc8000 	C:\Windows\SYSTEM32\ntdll.dll
0x00007ffcd5fa0000 - 0x00007ffcd605d000 	C:\Windows\System32\KERNEL32.DLL
0x00007ffcd48b0000 - 0x00007ffcd4ba6000 	C:\Windows\System32\KERNELBASE.dll
0x00007ffcd46f0000 - 0x00007ffcd47f0000 	C:\Windows\System32\ucrtbase.dll
0x00007ffcb0500000 - 0x00007ffcb051e000 	C:\Program Files\JetBrains\IntelliJ IDEA 2026.1.1\jbr\bin\VCRUNTIME140.dll
0x00007ffccc300000 - 0x00007ffccc317000 	C:\Program Files\JetBrains\IntelliJ IDEA 2026.1.1\jbr\bin\jli.dll
0x00007ffcd6bf0000 - 0x00007ffcd6d8e000 	C:\Windows\System32\USER32.dll
0x00007ffcd4880000 - 0x00007ffcd48a2000 	C:\Windows\System32\win32u.dll
0x00007ffcd6240000 - 0x00007ffcd626c000 	C:\Windows\System32\GDI32.dll
0x00007ffcd45a0000 - 0x00007ffcd46ba000 	C:\Windows\System32\gdi32full.dll
0x00007ffcd4500000 - 0x00007ffcd459d000 	C:\Windows\System32\msvcp_win.dll
0x00007ffcbd170000 - 0x00007ffcbd40a000 	C:\Windows\WinSxS\amd64_microsoft.windows.common-controls_6595b64144ccf1df_6.0.19041.1110_none_60b5254171f9507e\COMCTL32.dll
0x00007ffcd6760000 - 0x00007ffcd67fe000 	C:\Windows\System32\msvcrt.dll
0x00007ffcd6070000 - 0x00007ffcd60a0000 	C:\Windows\System32\IMM32.DLL
0x00007ffcd0140000 - 0x00007ffcd014c000 	C:\Program Files\JetBrains\IntelliJ IDEA 2026.1.1\jbr\bin\vcruntime140_1.dll
0x00007ffc97c90000 - 0x00007ffc97d19000 	C:\Program Files\JetBrains\IntelliJ IDEA 2026.1.1\jbr\bin\msvcp140.dll
0x00007ffc09c10000 - 0x00007ffc0ab62000 	C:\Program Files\JetBrains\IntelliJ IDEA 2026.1.1\jbr\bin\server\jvm.dll
0x00007ffcd6120000 - 0x00007ffcd61ce000 	C:\Windows\System32\ADVAPI32.dll
0x00007ffcd4f10000 - 0x00007ffcd4fac000 	C:\Windows\System32\sechost.dll
0x00007ffcd68b0000 - 0x00007ffcd69d6000 	C:\Windows\System32\RPCRT4.dll
0x00007ffcd61d0000 - 0x00007ffcd623b000 	C:\Windows\System32\WS2_32.dll
0x00007ffcd4310000 - 0x00007ffcd435b000 	C:\Windows\SYSTEM32\POWRPROF.dll
0x00007ffcc84e0000 - 0x00007ffcc8507000 	C:\Windows\SYSTEM32\WINMM.dll
0x00007ffccf0b0000 - 0x00007ffccf0ba000 	C:\Windows\SYSTEM32\VERSION.dll
0x00007ffcd42f0000 - 0x00007ffcd4302000 	C:\Windows\SYSTEM32\UMPDC.dll
0x00007ffcd2280000 - 0x00007ffcd2292000 	C:\Windows\SYSTEM32\kernel.appcore.dll
0x00007ffccc2f0000 - 0x00007ffccc2fa000 	C:\Program Files\JetBrains\IntelliJ IDEA 2026.1.1\jbr\bin\jimage.dll
0x00007ffcc5880000 - 0x00007ffcc5a64000 	C:\Windows\SYSTEM32\DBGHELP.DLL
0x00007ffcbac70000 - 0x00007ffcbaca4000 	C:\Windows\SYSTEM32\dbgcore.DLL
0x00007ffcd47f0000 - 0x00007ffcd4872000 	C:\Windows\System32\bcryptPrimitives.dll
0x00007ffcaf030000 - 0x00007ffcaf04f000 	C:\Program Files\JetBrains\IntelliJ IDEA 2026.1.1\jbr\bin\java.dll
0x00007ffcd6570000 - 0x00007ffcd669a000 	C:\Windows\System32\ole32.dll
0x00007ffcd5480000 - 0x00007ffcd57d4000 	C:\Windows\System32\combase.dll
0x00007ffcd57f0000 - 0x00007ffcd5f35000 	C:\Windows\System32\SHELL32.dll

JVMTI agents: none

dbghelp: loaded successfully - version: 4.0.5 - missing functions: none
symbol engine: initialized successfully - sym options: 0x614 - pdb path: .;C:\Program Files\JetBrains\IntelliJ IDEA 2026.1.1\jbr\bin;C:\Windows\SYSTEM32;C:\Windows\WinSxS\amd64_microsoft.windows.common-controls_6595b64144ccf1df_6.0.19041.1110_none_60b5254171f9507e;C:\Program Files\JetBrains\IntelliJ IDEA 2026.1.1\jbr\bin\server

VM Arguments:
java_command: git4idea.http.GitAskPassApp Username for 'https://github.com': 
java_class_path (initial): C:/Program Files/JetBrains/IntelliJ IDEA 2026.1.1/plugins/vcs-git/lib/git4idea-rt.jar;C:/Program Files/JetBrains/IntelliJ IDEA 2026.1.1/lib/externalProcess-rt.jar
Launcher Type: SUN_STANDARD

[Global flags]
     intx CICompilerCount                          = 4                                         {product} {ergonomic}
     uint ConcGCThreads                            = 3                                         {product} {ergonomic}
     uint G1ConcRefinementThreads                  = 10                                        {product} {ergonomic}
   size_t G1HeapRegionSize                         = 2097152                                   {product} {ergonomic}
   size_t InitialHeapSize                          = 266338304                                 {product} {ergonomic}
   size_t MarkStackSize                            = 4194304                                   {product} {ergonomic}
   size_t MarkStackSizeMax                         = 536870912                                 {product} {ergonomic}
   size_t MaxHeapSize                              = 4261412864                                {product} {ergonomic}
   size_t MinHeapDeltaBytes                        = 2097152                                   {product} {ergonomic}
   size_t MinHeapSize                              = 8388608                                   {product} {ergonomic}
    uintx NonNMethodCodeHeapSize                   = 5832704                                {pd product} {ergonomic}
    uintx NonProfiledCodeHeapSize                  = 122945536                              {pd product} {ergonomic}
    uintx ProfiledCodeHeapSize                     = 122880000                              {pd product} {ergonomic}
    uintx ReservedCodeCacheSize                    = 251658240                              {pd product} {ergonomic}
     bool SegmentedCodeCache                       = true                                      {product} {ergonomic}
   size_t SoftMaxHeapSize                          = 4261412864                             {manageable} {ergonomic}
     bool UseCompressedOops                        = true                           {product lp64_product} {ergonomic}
     bool UseG1GC                                  = true                                      {product} {ergonomic}
     bool UseLargePagesIndividualAllocation        = false                                  {pd product} {ergonomic}

Logging:
Log output configuration:
 #0: stdout all=warning uptime,level,tags foldmultilines=false
 #1: stderr all=off uptime,level,tags foldmultilines=false

Release file:
<release file has not been read>
Environment Variables:
JAVA_HOME=C:\Program Files\Eclipse Adoptium\jdk-25.0.3.9-hotspot\
PATH=E:\Git\mingw64\libexec\git-core;E:\Git\mingw64\libexec\git-core;E:\Git\mingw64\bin;E:\Git\usr\bin;C:\Users\User\bin;C:\Program Files\Eclipse Adoptium\jdk-25.0.3.9-hotspot\bin;C:\Program Files\Eclipse Adoptium\jdk-17.0.16.8-hotspot\bin;C:\Program Files\Eclipse Adoptium\jdk-21.0.3.9-hotspot\bin;C:\Program Files (x86)\Common Files\Oracle\Java\java8path;C:\Program Files (x86)\Common Files\Oracle\Java\javapath;C:\Program Files\PlasticSCM5\server;C:\Program Files\PlasticSCM5\client;C:\Windows\system32;C:\Windows;C:\Windows\System32\Wbem;C:\Windows\System32\WindowsPowerShell\v1.0;C:\Windows\System32\OpenSSH;C:\Program Files\dotnet;C:\gradle-9.1.0\bin;E:\Git\cmd;C:\Program Files (x86)\ZeroTier\One;C:\Program Files\Cloudflare\Cloudflare WARP;C:\Users\User\AppData\Local\Microsoft\WindowsApps;C:\Users\User\.dotnet\tools;C:\ffmpeg;C:\Users\User\.lmstudio\bin;C:\Users\User\AppData\Local\Programs\Microsoft VS Code\bin;C:\Program Files\JetBrains\IntelliJ IDEA 2026.1.1\bin
USERNAME=User
DISPLAY=:0.0
LC_ALL=en_US.UTF-8
TERM=xterm-256color
TMPDIR=C:\Users\User\AppData\Local\Temp
OS=Windows_NT
PROCESSOR_IDENTIFIER=Intel64 Family 6 Model 167 Stepping 1, GenuineIntel
TMP=C:\Users\User\AppData\Local\Temp
TEMP=C:\Users\User\AppData\Local\Temp




Compilation memory statistics disabled.

Periodic native trim disabled

JNI global refs:
JNI global refs: 0, weak refs: 0

JNI global refs memory usage: 0, weak refs: 0

Process memory usage:
Resident Set Size: 12244K (0% of 16641736K total physical memory with 310640K free physical memory)

OOME stack traces (most recent first):
Classloader memory used:

---------------  S Y S T E M  ---------------

OS:
 Windows 10 , 64 bit Build 19041 (10.0.19041.3393)
OS uptime: 0 days 3:06 hours

CPU: total 12 (initial active 12) (6 cores per cpu, 2 threads per core) family 6 model 167 stepping 1 microcode 0x40, cx8, cmov, fxsr, ht, mmx, 3dnowpref, sse, sse2, sse3, ssse3, sse4.1, sse4.2, popcnt, lzcnt, tsc, tscinvbit, avx, avx2, aes, erms, clmul, bmi1, bmi2, adx, avx512f, avx512dq, avx512cd, avx512bw, avx512vl, sha, fma, vzeroupper, avx512_vpopcntdq, avx512_vpclmulqdq, avx512_vaes, avx512_vnni, clflush, clflushopt, avx512_vbmi2, avx512_vbmi, rdtscp, rdpid, fsrm, gfni, avx512_bitalg, f16c, pku, avx512_ifma
Processor Information for the first 12 processors :
  Max Mhz: 2592, Current Mhz: 2592, Mhz Limit: 2592

Memory: 4k page, system-wide physical 16251M (303M free)
TotalPageFile size 32635M (AvailPageFile size 5M)
current process WorkingSet (physical memory assigned to process): 11M, peak: 11M
current process commit charge ("private bytes"): 64M, peak: 318M

vm_info: OpenJDK 64-Bit Server VM (25.0.2+1-b329.117) for windows-amd64 JRE (25.0.2+1-b329.117), built on 2026-04-20 with MS VC++ 17.14 (VS2022)

END.
